// Vitest Snapshot v1, https://vitest.dev/guide/snapshot.html

exports[`GridContainerTest 1`] = `
<div
  className="sc-beySPh hnlHBD"
/>
`;
